---
source: crates/serpen/tests/test_circular_dependencies.rs
expression: bundled_content
---
#!/usr/bin/env python3
# Generated by Serpen - Python Source Bundler
# https://github.com/tinovyatkin/serpen

# ─ Module: services ─

# ─ Entry Module: main ─
def main():
    result = auth.authenticate_user("test_user")
    print(f"Relative import cycle result: {result}")
if __name__ == "__main__":
    main()
