---
source: crates/serpen/tests/stickytape_compatibility_tests.rs
description: Bundled content for import_from_as_value
---
#!/usr/bin/env python3
# Generated by Serpen - Python Source Bundler
# https://github.com/tinovyatkin/serpen

# ─ Module: greeting ─
message = "Hello"

# ─ Entry Module: hello ─
m = message
print(m)
