---
source: crates/serpen/tests/stickytape_compatibility_tests.rs
description: Bundled content for explicit_relative_import_single_dot_in_init
---
#!/usr/bin/env python3
# Generated by Serpen - Python Source Bundler
# https://github.com/tinovyatkin/serpen

# ─ Module: greetings.greeting ─
__greetings_greeting_message = "Hello"
message = __greetings_greeting_message

# ─ Module: greetings ─
import types
greetings = types.ModuleType('greetings')
exec('__all__ = ["message"]\nmessage = __greetings_greeting_message', globals(), greetings.__dict__)

# ─ Entry Module: hello ─
print(greetings.message)
