
Start time: 2/3/2025 20:26:24


>> G E N E R A L   P A R A M E T E R S <<


3D analysis
mesh2scattering 0.1.4
low_complexity_project_solved

Number of frequency steps ................... = 2

First step .................................. = 0
Number of steps ............................. = 2
Step increment .............................. = 1e-06
Highest allowable frequency .................. = 1478.64



>> B A S I C   P A R A M E T E R S   F O R   B E M <<

Number of element groups .................... = 2
Total number of elements .................... = 1224
Number of boundary elements ................. = 888
Number of evaluation elements ............... = 336
Maximum edge length of boundary elements .... = 0.0934751
Average edge length of boundary elements .... = 0.0521657
Minimum edge length of boundary elements .... = 0.01

Total number of nodes ....................... = 616
Number of nodes of the boundary elements .... = 446
Number of nodes of the evaluation elements .. = 170

Number of symmetric planes .................. = 0

Number of incident plane waves .............. = 0
Number of incident spharic waves ............ = 1

Sound speed ................................. = 346.18
Density of the medium ....................... = 1.1839

Diameter of the BE-mesh ..................... = 1.13142

Minimum number of terms in the FMM expansion. = 8

Exterior domain problem

Harmonic time factor = EXP(-i*omega*t)

methodSolver_  = 0: CGS iterative solver
methodPreconditioner_ = 0: incomplete LU-decomposition preconditioner

 No.   Freq.   Lambda/L_BE_Mesh  Lambda/L_Element
  1     100      3.05971           101.764
  2     200      1.52985           50.8821




>> S T E P   N U M B E R   A N D   F R E Q U E N C Y <<

Step 1, Frequency = 100 Hz

Single level fast multipole BEM

Number of equations = 888

Informations about clusters:
   Level    Num. of clusters    Maximum radius   Minimum radius
     0           16                0.186019         0.141724
 resu. nets     170                     0              0

Informations about the FMM expansion:
   Level    N. expa. terms    N. p. theta    N. p. phi    N. p. sphere
     0           8               8              16           128

Nonzeros of the near field matrix ..................... = 360540
Nonzeros of the T-matrix .............................. = 113664
Nonzeros of the D-matrix .............................. = 17920
Nonzeros of the S-matrix .............................. = 113664
Sum of nonzeros of the FMBEM matrices ................. = 605788

CGS solver: number of iterations = 19, relative error = 8.86862e-10

Time Statistic For The Current Step (In Second)

Assembling the equation system         : 0
Solving the equation system            : 0
Post processing                        : 0
Total                                  : 0



>> T I M E   S T A T I S T I C   (In   Second) <<

Input                                  : 0
Address computation                    : 0
Assembling the equation system         : 0
Solving the equation system            : 0
Post processing                        : 0
The whole job                          : 0

End time: 2/3/2025 20:26:24
