---
source: tests/commands/test_check_file_pair.rs
expression: "normalize_console_output(stdout, hmap!\n{ to_str!(temp_dir.path()) => \"<temp_dir>\" })"
---
[WARN] Pair of file <temp_dir>/src/utils/logger.py does not exist: <temp_dir>/tests/utils/test_logger.py
[WARN] Pair of file <temp_dir>/src/utils/slack/template.py does not exist: <temp_dir>/tests/utils/slack/test_template.py
[WARN] Creating missing file: <temp_dir>/tests/utils/test_logger.py
[WARN] Creating missing file: <temp_dir>/tests/utils/slack/test_template.py
