---
source: tests/commands/test_check_file_pair.rs
expression: "normalize_console_output(stdout, hmap!\n{ to_str!(temp_dir.path()) => \"<temp_dir>\" })"
---
[INFO] Everything is fine, no missing files.
