
Start time: 2/3/2025 21:0:8


>> G E N E R A L   P A R A M E T E R S <<


3D analysis
mesh2scattering 0.1.4
reference

Number of frequency steps ................... = 2

First step .................................. = 0
Number of steps ............................. = 2
Step increment .............................. = 1e-06
Highest allowable frequency .................. = 3488.64



>> B A S I C   P A R A M E T E R S   F O R   B E M <<

Number of element groups .................... = 2
Total number of elements .................... = 21316
Number of boundary elements ................. = 4936
Number of evaluation elements ............... = 16380
Maximum edge length of boundary elements .... = 0.0358965
Average edge length of boundary elements .... = 0.0221102
Minimum edge length of boundary elements .... = 0.00919536

Total number of nodes ....................... = 10662
Number of nodes of the boundary elements .... = 2470
Number of nodes of the evaluation elements .. = 8192

Number of symmetric planes .................. = 0

Number of incident plane waves .............. = 0
Number of incident spharic waves ............ = 1

Sound speed ................................. = 346.18
Density of the medium ....................... = 1.1839

Diameter of the BE-mesh ..................... = 1.13142

Minimum number of terms in the FMM expansion. = 8

Exterior domain problem

Harmonic time factor = EXP(-i*omega*t)

methodSolver_  = 0: CGS iterative solver
methodPreconditioner_ = 0: incomplete LU-decomposition preconditioner

 No.   Freq.   Lambda/L_BE_Mesh  Lambda/L_Element
  1     500     0.611942           47.9314
  2    1000     0.305971           23.9657




>> S T E P   N U M B E R   A N D   F R E Q U E N C Y <<

Step 1, Frequency = 500 Hz

Direct multilevel fast multipole BEM

Number of equations = 4936

Informations about clusters:
   Level    Num. of clusters    Maximum radius   Minimum radius
     0           32                0.112797         0.0897021
     1          128                0.0600982         0.0264318
 resu. nets    1032                0.102871              0


Informations about the FMM expansion:
   Level    N. expa. terms    N. p. theta    N. p. phi    N. p. sphere
     0           8               8              16           128
     1           8               8              16           128



>> S T E P   N U M B E R   A N D   F R E Q U E N C Y <<

Step 2, Frequency = 1000 Hz


Informations about the FMM expansion:
   Level    N. expa. terms    N. p. theta    N. p. phi    N. p. sphere
     0           8               8              16           128
     1           8               8              16           128

End time: 2/3/2025 21:0:8
